main.c:97:5:main	16	static
main.c:167:6:SystemClock_Config	88	static
main.c:212:13:MX_I2C1_Init	8	static
main.c:246:13:MX_TIM1_Init	56	static
main.c:296:13:MX_TIM2_Init	32	static
main.c:341:13:MX_TIM3_Init	48	static
main.c:394:13:MX_TIM4_Init	32	static
main.c:439:13:MX_USART2_UART_Init	8	static
main.c:470:13:MX_DMA_Init	16	static
main.c:491:13:MX_GPIO_Init	48	static
main.c:528:6:NucleoCheck	8	static
main.c:539:6:HAL_TIM_PeriodElapsedCallback	16	static
main.c:547:10:micros	12	static
main.c:552:6:ProxiCheck	8	static
main.c:558:6:MotorDrive	4	static
main.c:572:6:SetHome	8	static
main.c:603:6:Error_Handler	4	static,ignoring_inline_asm
