main.c:226:5:main	16	static
main.c:354:6:SystemClock_Config	88	static
main.c:399:13:MX_I2C1_Init	8	static
main.c:433:13:MX_TIM1_Init	56	static
main.c:483:13:MX_TIM2_Init	32	static
main.c:528:13:MX_TIM3_Init	48	static
main.c:581:13:MX_TIM4_Init	32	static
main.c:626:13:MX_USART2_UART_Init	8	static
main.c:657:13:MX_DMA_Init	16	static
main.c:678:13:MX_GPIO_Init	48	static
main.c:715:6:NucleoCheck	8	static
main.c:726:6:HAL_TIM_PeriodElapsedCallback	16	static
main.c:734:10:micros	12	static
main.c:739:6:ProxiCheck	8	static
main.c:745:6:MotorDrive	4	static
main.c:759:6:SetHome	16	static
main.c:832:10:EncoderPosition_Update	4	static
main.c:837:7:EncoderVelocity_Update	48	static
main.c:857:6:kalmanfilter	24	static
main.c:883:6:planning	24	static
main.c:926:6:pid	8	static
main.c:1092:6:I2C_Laser	24	static
main.c:1103:6:I2C_Check	8	static
main.c:1112:6:UARTInit	16	static
main.c:1123:6:UARTResetStart	16	static
main.c:1128:10:UARTGetRxHead	16	static
main.c:1133:9:UARTReadChar	32	static
main.c:1148:6:UARTTxDumpBuffer	24	static
main.c:1175:6:UARTTxWrite	32	static
main.c:1198:6:UART_Ack1	16	static
main.c:1209:6:UART_Ack2	16	static
main.c:1220:6:UART_Flow2	24	static
main.c:1253:6:UART_Protocal	16	static
main.c:1364:6:UART_Execute	16	static
main.c:1438:6:Error_Handler	4	static,ignoring_inline_asm
