main.c:224:5:main	16	static
main.c:319:6:SystemClock_Config	88	static
main.c:364:13:MX_I2C1_Init	8	static
main.c:398:13:MX_TIM1_Init	56	static
main.c:448:13:MX_TIM2_Init	32	static
main.c:493:13:MX_TIM3_Init	48	static
main.c:546:13:MX_TIM4_Init	32	static
main.c:591:13:MX_USART2_UART_Init	8	static
main.c:622:13:MX_DMA_Init	16	static
main.c:643:13:MX_GPIO_Init	48	static
main.c:680:6:NucleoCheck	8	static
main.c:691:6:HAL_TIM_PeriodElapsedCallback	16	static
main.c:699:10:micros	12	static
main.c:704:6:ProxiCheck	8	static
main.c:710:6:MotorDrive	4	static
main.c:724:6:SetHome	16	static
main.c:797:10:EncoderPosition_Update	4	static
main.c:802:7:EncoderVelocity_Update	48	static
main.c:822:6:kalmanfilter	24	static
main.c:848:6:planning	24	static
main.c:889:6:pid	8	static
main.c:1024:6:I2C_Laser	24	static
main.c:1035:6:I2C_Check	8	static
main.c:1044:6:UARTInit	16	static
main.c:1055:6:UARTResetStart	16	static
main.c:1060:10:UARTGetRxHead	16	static
main.c:1065:9:UARTReadChar	32	static
main.c:1080:6:UARTTxDumpBuffer	24	static
main.c:1107:6:UARTTxWrite	32	static
main.c:1130:6:UART_Ack1	16	static
main.c:1141:6:UART_Ack2	16	static
main.c:1152:6:UART_Flow2	24	static
main.c:1213:6:UART_Protocal	16	static
main.c:1324:6:UART_Execute	16	static
main.c:1397:6:Error_Handler	4	static,ignoring_inline_asm
