main.c:240:5:main	16	static
main.c:427:6:SystemClock_Config	88	static
main.c:472:13:MX_I2C1_Init	8	static
main.c:506:13:MX_TIM1_Init	56	static
main.c:556:13:MX_TIM2_Init	32	static
main.c:601:13:MX_TIM3_Init	48	static
main.c:654:13:MX_TIM4_Init	32	static
main.c:699:13:MX_USART2_UART_Init	8	static
main.c:730:13:MX_DMA_Init	16	static
main.c:751:13:MX_GPIO_Init	48	static
main.c:794:6:NucleoCheck	8	static
main.c:805:6:EmergencyCheck	16	static
main.c:825:6:HAL_TIM_PeriodElapsedCallback	16	static
main.c:833:10:micros	12	static
main.c:838:6:ProxiCheck	8	static
main.c:844:6:MotorDrive	4	static
main.c:858:6:SetHome	16	static
main.c:937:10:EncoderPosition_Update	4	static
main.c:942:7:EncoderVelocity_Update	48	static
main.c:963:6:kalmanfilter	32	static
main.c:997:6:planning	24	static
main.c:1034:6:VariableReset	4	static
main.c:1048:6:ReachGoal	16	static
main.c:1073:6:pid	8	static
main.c:1171:6:UARTInit	16	static
main.c:1182:6:UARTResetStart	16	static
main.c:1187:10:UARTGetRxHead	16	static
main.c:1192:9:UARTReadChar	32	static
main.c:1207:6:UARTTxDumpBuffer	24	static
main.c:1234:6:UARTTxWrite	32	static
main.c:1257:6:UART_Ack1	16	static
main.c:1268:6:UART_Ack2	16	static
main.c:1279:6:UART_Flow2	24	static
main.c:1312:6:UART_Protocal	16	static
main.c:1423:6:UART_Execute	16	static
main.c:1497:6:Error_Handler	4	static,ignoring_inline_asm
