main.c:224:5:main	16	static
main.c:376:6:SystemClock_Config	88	static
main.c:421:13:MX_I2C1_Init	8	static
main.c:455:13:MX_TIM1_Init	56	static
main.c:505:13:MX_TIM2_Init	32	static
main.c:550:13:MX_TIM3_Init	48	static
main.c:603:13:MX_TIM4_Init	32	static
main.c:648:13:MX_USART2_UART_Init	8	static
main.c:679:13:MX_DMA_Init	16	static
main.c:700:13:MX_GPIO_Init	48	static
main.c:737:6:NucleoCheck	8	static
main.c:748:6:HAL_TIM_PeriodElapsedCallback	16	static
main.c:756:10:micros	12	static
main.c:761:6:ProxiCheck	8	static
main.c:767:6:MotorDrive	4	static
main.c:781:6:SetHome	16	static
main.c:854:10:EncoderPosition_Update	4	static
main.c:859:7:EncoderVelocity_Update	48	static
main.c:879:6:kalmanfilter	24	static
main.c:905:6:planning	24	static
main.c:943:6:ReachGoal	16	static
main.c:955:6:pid	8	static
main.c:1099:6:UARTInit	16	static
main.c:1110:6:UARTResetStart	16	static
main.c:1115:10:UARTGetRxHead	16	static
main.c:1120:9:UARTReadChar	32	static
main.c:1135:6:UARTTxDumpBuffer	24	static
main.c:1162:6:UARTTxWrite	32	static
main.c:1185:6:UART_Ack1	16	static
main.c:1196:6:UART_Ack2	16	static
main.c:1207:6:UART_Flow2	24	static
main.c:1240:6:UART_Protocal	16	static
main.c:1351:6:UART_Execute	16	static
main.c:1425:6:Error_Handler	4	static,ignoring_inline_asm
