main.c:241:5:main	16	static
main.c:437:6:SystemClock_Config	88	static
main.c:482:13:MX_I2C1_Init	8	static
main.c:516:13:MX_TIM1_Init	56	static
main.c:566:13:MX_TIM2_Init	32	static
main.c:611:13:MX_TIM3_Init	48	static
main.c:664:13:MX_TIM4_Init	32	static
main.c:709:13:MX_USART2_UART_Init	8	static
main.c:740:13:MX_DMA_Init	16	static
main.c:761:13:MX_GPIO_Init	48	static
main.c:804:6:NucleoCheck	8	static
main.c:815:6:EmergencyCheck	16	static
main.c:835:6:HAL_TIM_PeriodElapsedCallback	16	static
main.c:843:10:micros	12	static
main.c:848:6:ProxiCheck	8	static
main.c:854:6:MotorDrive	4	static
main.c:868:6:SetHome	16	static
main.c:947:10:EncoderPosition_Update	4	static
main.c:952:7:EncoderVelocity_Update	48	static
main.c:973:6:kalmanfilter	32	static
main.c:1007:6:planning	24	static
main.c:1044:6:ReachGoal	16	static
main.c:1067:6:pid	8	static
main.c:1165:6:UARTInit	16	static
main.c:1176:6:UARTResetStart	16	static
main.c:1181:10:UARTGetRxHead	16	static
main.c:1186:9:UARTReadChar	32	static
main.c:1201:6:UARTTxDumpBuffer	24	static
main.c:1228:6:UARTTxWrite	32	static
main.c:1251:6:UART_Ack1	16	static
main.c:1262:6:UART_Ack2	16	static
main.c:1273:6:UART_Flow2	24	static
main.c:1306:6:UART_Protocal	16	static
main.c:1417:6:UART_Execute	16	static
main.c:1491:6:Error_Handler	4	static,ignoring_inline_asm
