main.c:241:5:main	16	static
main.c:428:6:SystemClock_Config	88	static
main.c:473:13:MX_I2C1_Init	8	static
main.c:507:13:MX_TIM1_Init	56	static
main.c:557:13:MX_TIM2_Init	32	static
main.c:602:13:MX_TIM3_Init	48	static
main.c:655:13:MX_TIM4_Init	32	static
main.c:700:13:MX_USART2_UART_Init	8	static
main.c:731:13:MX_DMA_Init	16	static
main.c:752:13:MX_GPIO_Init	48	static
main.c:795:6:NucleoCheck	8	static
main.c:806:6:EmergencyCheck	16	static
main.c:826:6:HAL_TIM_PeriodElapsedCallback	16	static
main.c:834:10:micros	12	static
main.c:839:6:ProxiCheck	8	static
main.c:845:6:MotorDrive	4	static
main.c:859:6:SetHome	16	static
main.c:938:10:EncoderPosition_Update	4	static
main.c:943:7:EncoderVelocity_Update	48	static
main.c:964:6:kalmanfilter	32	static
main.c:998:6:planning	24	static
main.c:1035:6:VariableReset	4	static
main.c:1049:6:ReachGoal	16	static
main.c:1074:6:pid	8	static
main.c:1172:6:UARTInit	16	static
main.c:1183:6:UARTResetStart	16	static
main.c:1188:10:UARTGetRxHead	16	static
main.c:1193:9:UARTReadChar	32	static
main.c:1208:6:UARTTxDumpBuffer	24	static
main.c:1235:6:UARTTxWrite	32	static
main.c:1258:6:UART_Ack1	16	static
main.c:1269:6:UART_Ack2	16	static
main.c:1280:6:UART_Flow2	24	static
main.c:1313:6:UART_Protocal	16	static
main.c:1424:6:UART_Execute	16	static
main.c:1498:6:Error_Handler	4	static,ignoring_inline_asm
