main.c:226:5:main	16	static
main.c:386:6:SystemClock_Config	88	static
main.c:431:13:MX_I2C1_Init	8	static
main.c:465:13:MX_TIM1_Init	56	static
main.c:515:13:MX_TIM2_Init	32	static
main.c:560:13:MX_TIM3_Init	48	static
main.c:613:13:MX_TIM4_Init	32	static
main.c:658:13:MX_USART2_UART_Init	8	static
main.c:689:13:MX_DMA_Init	16	static
main.c:710:13:MX_GPIO_Init	48	static
main.c:753:6:NucleoCheck	8	static
main.c:764:6:EmergencyCheck	8	static
main.c:782:6:HAL_TIM_PeriodElapsedCallback	16	static
main.c:790:10:micros	12	static
main.c:795:6:ProxiCheck	8	static
main.c:801:6:MotorDrive	4	static
main.c:815:6:SetHome	16	static
main.c:888:10:EncoderPosition_Update	4	static
main.c:893:7:EncoderVelocity_Update	48	static
main.c:913:6:kalmanfilter	24	static
main.c:939:6:planning	24	static
main.c:977:6:ReachGoal	16	static
main.c:989:6:pid	8	static
main.c:1133:6:UARTInit	16	static
main.c:1144:6:UARTResetStart	16	static
main.c:1149:10:UARTGetRxHead	16	static
main.c:1154:9:UARTReadChar	32	static
main.c:1169:6:UARTTxDumpBuffer	24	static
main.c:1196:6:UARTTxWrite	32	static
main.c:1219:6:UART_Ack1	16	static
main.c:1230:6:UART_Ack2	16	static
main.c:1241:6:UART_Flow2	24	static
main.c:1274:6:UART_Protocal	16	static
main.c:1385:6:UART_Execute	16	static
main.c:1459:6:Error_Handler	4	static,ignoring_inline_asm
