main.c:100:5:main	16	static
main.c:175:6:SystemClock_Config	88	static
main.c:220:13:MX_I2C1_Init	8	static
main.c:254:13:MX_TIM1_Init	56	static
main.c:304:13:MX_TIM2_Init	32	static
main.c:349:13:MX_TIM3_Init	48	static
main.c:402:13:MX_TIM4_Init	32	static
main.c:447:13:MX_USART2_UART_Init	8	static
main.c:478:13:MX_DMA_Init	16	static
main.c:499:13:MX_GPIO_Init	48	static
main.c:536:6:NucleoCheck	8	static
main.c:547:6:HAL_TIM_PeriodElapsedCallback	16	static
main.c:555:10:micros	12	static
main.c:560:6:ProxiCheck	8	static
main.c:566:6:MotorDrive	4	static
main.c:580:6:SetHome	8	static
main.c:608:10:EncoderPosition_Update	4	static
main.c:620:6:Error_Handler	4	static,ignoring_inline_asm
