main.c:223:5:main	16	static
main.c:375:6:SystemClock_Config	88	static
main.c:420:13:MX_I2C1_Init	8	static
main.c:454:13:MX_TIM1_Init	56	static
main.c:504:13:MX_TIM2_Init	32	static
main.c:549:13:MX_TIM3_Init	48	static
main.c:602:13:MX_TIM4_Init	32	static
main.c:647:13:MX_USART2_UART_Init	8	static
main.c:678:13:MX_DMA_Init	16	static
main.c:699:13:MX_GPIO_Init	48	static
main.c:736:6:NucleoCheck	8	static
main.c:747:6:HAL_TIM_PeriodElapsedCallback	16	static
main.c:755:10:micros	12	static
main.c:760:6:ProxiCheck	8	static
main.c:766:6:MotorDrive	4	static
main.c:780:6:SetHome	16	static
main.c:853:10:EncoderPosition_Update	4	static
main.c:858:7:EncoderVelocity_Update	48	static
main.c:878:6:kalmanfilter	24	static
main.c:904:6:planning	24	static
main.c:942:6:ReachGoal	16	static
main.c:954:6:pid	8	static
main.c:1090:6:UARTInit	16	static
main.c:1101:6:UARTResetStart	16	static
main.c:1106:10:UARTGetRxHead	16	static
main.c:1111:9:UARTReadChar	32	static
main.c:1126:6:UARTTxDumpBuffer	24	static
main.c:1153:6:UARTTxWrite	32	static
main.c:1176:6:UART_Ack1	16	static
main.c:1187:6:UART_Ack2	16	static
main.c:1198:6:UART_Flow2	24	static
main.c:1231:6:UART_Protocal	16	static
main.c:1342:6:UART_Execute	16	static
main.c:1416:6:Error_Handler	4	static,ignoring_inline_asm
