main.c:88:5:main	16	static
main.c:150:6:SystemClock_Config	88	static
main.c:195:13:MX_I2C1_Init	8	static
main.c:229:13:MX_TIM1_Init	56	static
main.c:279:13:MX_TIM2_Init	32	static
main.c:324:13:MX_TIM3_Init	48	static
main.c:377:13:MX_TIM4_Init	32	static
main.c:422:13:MX_USART2_UART_Init	8	static
main.c:453:13:MX_DMA_Init	16	static
main.c:474:13:MX_GPIO_Init	48	static
main.c:511:6:NucleoCheck	8	static
main.c:522:6:HAL_TIM_PeriodElapsedCallback	16	static
main.c:530:10:micros	12	static
main.c:542:6:Error_Handler	4	static,ignoring_inline_asm
