main.c:228:5:main	16	static
main.c:402:6:SystemClock_Config	88	static
main.c:447:13:MX_I2C1_Init	8	static
main.c:481:13:MX_TIM1_Init	56	static
main.c:531:13:MX_TIM2_Init	32	static
main.c:576:13:MX_TIM3_Init	48	static
main.c:629:13:MX_TIM4_Init	32	static
main.c:674:13:MX_USART2_UART_Init	8	static
main.c:705:13:MX_DMA_Init	16	static
main.c:726:13:MX_GPIO_Init	48	static
main.c:769:6:NucleoCheck	8	static
main.c:780:6:EmergencyCheck	8	static
main.c:798:6:HAL_TIM_PeriodElapsedCallback	16	static
main.c:806:10:micros	12	static
main.c:811:6:ProxiCheck	8	static
main.c:817:6:MotorDrive	4	static
main.c:831:6:SetHome	16	static
main.c:910:10:EncoderPosition_Update	4	static
main.c:915:7:EncoderVelocity_Update	48	static
main.c:935:6:kalmanfilter	24	static
main.c:961:6:planning	24	static
main.c:995:6:ReachGoal	16	static
main.c:1018:6:pid	8	static
main.c:1116:6:UARTInit	16	static
main.c:1127:6:UARTResetStart	16	static
main.c:1132:10:UARTGetRxHead	16	static
main.c:1137:9:UARTReadChar	32	static
main.c:1152:6:UARTTxDumpBuffer	24	static
main.c:1179:6:UARTTxWrite	32	static
main.c:1202:6:UART_Ack1	16	static
main.c:1213:6:UART_Ack2	16	static
main.c:1224:6:UART_Flow2	24	static
main.c:1257:6:UART_Protocal	16	static
main.c:1368:6:UART_Execute	16	static
main.c:1442:6:Error_Handler	4	static,ignoring_inline_asm
