main.c:227:5:main	16	static
main.c:355:6:SystemClock_Config	88	static
main.c:400:13:MX_I2C1_Init	8	static
main.c:434:13:MX_TIM1_Init	56	static
main.c:484:13:MX_TIM2_Init	32	static
main.c:529:13:MX_TIM3_Init	48	static
main.c:582:13:MX_TIM4_Init	32	static
main.c:627:13:MX_USART2_UART_Init	8	static
main.c:658:13:MX_DMA_Init	16	static
main.c:679:13:MX_GPIO_Init	48	static
main.c:716:6:NucleoCheck	8	static
main.c:727:6:HAL_TIM_PeriodElapsedCallback	16	static
main.c:735:10:micros	12	static
main.c:740:6:ProxiCheck	8	static
main.c:746:6:MotorDrive	4	static
main.c:760:6:SetHome	16	static
main.c:833:10:EncoderPosition_Update	4	static
main.c:838:7:EncoderVelocity_Update	48	static
main.c:858:6:kalmanfilter	24	static
main.c:884:6:planning	24	static
main.c:927:6:pid	8	static
main.c:1093:6:I2C_Laser	24	static
main.c:1104:6:I2C_Check	8	static
main.c:1113:6:UARTInit	16	static
main.c:1124:6:UARTResetStart	16	static
main.c:1129:10:UARTGetRxHead	16	static
main.c:1134:9:UARTReadChar	32	static
main.c:1149:6:UARTTxDumpBuffer	24	static
main.c:1176:6:UARTTxWrite	32	static
main.c:1199:6:UART_Ack1	16	static
main.c:1210:6:UART_Ack2	16	static
main.c:1221:6:UART_Flow2	24	static
main.c:1254:6:UART_Protocal	16	static
main.c:1365:6:UART_Execute	16	static
main.c:1439:6:Error_Handler	4	static,ignoring_inline_asm
