main.c:220:5:main	16	static
main.c:313:6:SystemClock_Config	88	static
main.c:358:13:MX_I2C1_Init	8	static
main.c:392:13:MX_TIM1_Init	56	static
main.c:442:13:MX_TIM2_Init	32	static
main.c:487:13:MX_TIM3_Init	48	static
main.c:540:13:MX_TIM4_Init	32	static
main.c:585:13:MX_USART2_UART_Init	8	static
main.c:616:13:MX_DMA_Init	16	static
main.c:637:13:MX_GPIO_Init	48	static
main.c:674:6:NucleoCheck	8	static
main.c:685:6:HAL_TIM_PeriodElapsedCallback	16	static
main.c:693:10:micros	12	static
main.c:698:6:ProxiCheck	8	static
main.c:704:6:MotorDrive	4	static
main.c:718:6:SetHome	16	static
main.c:791:10:EncoderPosition_Update	4	static
main.c:796:7:EncoderVelocity_Update	48	static
main.c:816:6:kalmanfilter	24	static
main.c:842:6:planning	24	static
main.c:882:6:pid	16	static
main.c:970:6:I2C_Laser	24	static
main.c:981:6:I2C_Check	8	static
main.c:990:6:UARTInit	16	static
main.c:1001:6:UARTResetStart	16	static
main.c:1006:10:UARTGetRxHead	16	static
main.c:1011:9:UARTReadChar	32	static
main.c:1026:6:UARTTxDumpBuffer	24	static
main.c:1053:6:UARTTxWrite	32	static
main.c:1076:6:UART_Ack1	16	static
main.c:1087:6:UART_Ack2	16	static
main.c:1098:6:UART_Flow2	24	static
main.c:1159:6:UART_Protocal	16	static
main.c:1270:6:UART_Execute	16	static
main.c:1343:6:Error_Handler	4	static,ignoring_inline_asm
