main.c:228:5:main	16	static
main.c:384:6:SystemClock_Config	88	static
main.c:429:13:MX_I2C1_Init	8	static
main.c:463:13:MX_TIM1_Init	56	static
main.c:513:13:MX_TIM2_Init	32	static
main.c:558:13:MX_TIM3_Init	48	static
main.c:611:13:MX_TIM4_Init	32	static
main.c:656:13:MX_USART2_UART_Init	8	static
main.c:687:13:MX_DMA_Init	16	static
main.c:708:13:MX_GPIO_Init	48	static
main.c:745:6:NucleoCheck	8	static
main.c:756:6:HAL_TIM_PeriodElapsedCallback	16	static
main.c:764:10:micros	12	static
main.c:769:6:ProxiCheck	8	static
main.c:775:6:MotorDrive	4	static
main.c:789:6:SetHome	16	static
main.c:862:10:EncoderPosition_Update	4	static
main.c:867:7:EncoderVelocity_Update	48	static
main.c:887:6:kalmanfilter	24	static
main.c:913:6:planning	24	static
main.c:955:6:ReachGoal	16	static
main.c:965:6:pid	8	static
main.c:1116:6:I2C_Laser	24	static
main.c:1127:6:I2C_Check	8	static
main.c:1136:6:UARTInit	16	static
main.c:1147:6:UARTResetStart	16	static
main.c:1152:10:UARTGetRxHead	16	static
main.c:1157:9:UARTReadChar	32	static
main.c:1172:6:UARTTxDumpBuffer	24	static
main.c:1199:6:UARTTxWrite	32	static
main.c:1222:6:UART_Ack1	16	static
main.c:1233:6:UART_Ack2	16	static
main.c:1244:6:UART_Flow2	24	static
main.c:1277:6:UART_Protocal	16	static
main.c:1388:6:UART_Execute	16	static
main.c:1462:6:Error_Handler	4	static,ignoring_inline_asm
