main.c:108:5:main	16	static
main.c:184:6:SystemClock_Config	88	static
main.c:229:13:MX_I2C1_Init	8	static
main.c:263:13:MX_TIM1_Init	56	static
main.c:313:13:MX_TIM2_Init	32	static
main.c:358:13:MX_TIM3_Init	48	static
main.c:411:13:MX_TIM4_Init	32	static
main.c:456:13:MX_USART2_UART_Init	8	static
main.c:487:13:MX_DMA_Init	16	static
main.c:508:13:MX_GPIO_Init	48	static
main.c:545:6:NucleoCheck	8	static
main.c:556:6:HAL_TIM_PeriodElapsedCallback	16	static
main.c:564:10:micros	12	static
main.c:569:6:ProxiCheck	8	static
main.c:575:6:MotorDrive	4	static
main.c:589:6:SetHome	8	static
main.c:617:10:EncoderPosition_Update	4	static
main.c:622:6:I2C_Laser	24	static
main.c:633:6:I2C_Check	8	static
main.c:649:6:Error_Handler	4	static,ignoring_inline_asm
